
===========================================================================
 report_power
============================================================================
======================= max_ff_n40C_1v95 Corner ===================================

Group                    Internal    Switching      Leakage        Total
                            Power        Power        Power        Power (Watts)
------------------------------------------------------------------------
Sequential           1.845245e-04 1.267256e-05 2.360136e-10 1.971973e-04  36.4%
Combinational        7.227140e-05 8.345120e-05 9.293546e-10 1.557235e-04  28.7%
Clock                1.225426e-04 6.630503e-05 7.483855e-10 1.888483e-04  34.9%
Macro                0.000000e+00 0.000000e+00 0.000000e+00 0.000000e+00   0.0%
Pad                  0.000000e+00 0.000000e+00 0.000000e+00 0.000000e+00   0.0%
------------------------------------------------------------------------
Total                3.793385e-04 1.624288e-04 1.913754e-09 5.417692e-04 100.0%
                            70.0%        30.0%         0.0%

