
===========================================================================
 report_power
============================================================================
======================= nom_ss_100C_1v60 Corner ===================================

Group                    Internal    Switching      Leakage        Total
                            Power        Power        Power        Power (Watts)
------------------------------------------------------------------------
Sequential           1.367007e-04 5.987876e-05 3.319437e-07 1.969114e-04  70.1%
Combinational        5.396091e-05 2.956148e-05 5.467149e-07 8.406910e-05  29.9%
Clock                0.000000e+00 0.000000e+00 0.000000e+00 0.000000e+00   0.0%
Macro                0.000000e+00 0.000000e+00 0.000000e+00 0.000000e+00   0.0%
Pad                  0.000000e+00 0.000000e+00 0.000000e+00 0.000000e+00   0.0%
------------------------------------------------------------------------
Total                1.906616e-04 8.944025e-05 8.786586e-07 2.809805e-04 100.0%
                            67.9%        31.8%         0.3%

