
===========================================================================
 report_power
============================================================================
======================= nom_ff_n40C_1v95 Corner ===================================

Group                    Internal    Switching      Leakage        Total
                            Power        Power        Power        Power (Watts)
------------------------------------------------------------------------
Sequential           2.076276e-04 8.924688e-05 3.107691e-10 2.968748e-04  71.6%
Combinational        7.278799e-05 4.514979e-05 1.034737e-09 1.179388e-04  28.4%
Clock                0.000000e+00 0.000000e+00 0.000000e+00 0.000000e+00   0.0%
Macro                0.000000e+00 0.000000e+00 0.000000e+00 0.000000e+00   0.0%
Pad                  0.000000e+00 0.000000e+00 0.000000e+00 0.000000e+00   0.0%
------------------------------------------------------------------------
Total                2.804156e-04 1.343967e-04 1.345506e-09 4.148136e-04 100.0%
                            67.6%        32.4%         0.0%

