
===========================================================================
 report_power
============================================================================
======================= nom_tt_025C_1v80 Corner ===================================

Group                    Internal    Switching      Leakage        Total
                            Power        Power        Power        Power (Watts)
------------------------------------------------------------------------
Sequential           1.656171e-04 9.113819e-06 1.964068e-10 1.747311e-04  37.4%
Combinational        6.943723e-05 6.385755e-05 5.342775e-10 1.332953e-04  28.6%
Clock                1.109668e-04 4.762621e-05 1.899212e-10 1.585932e-04  34.0%
Macro                0.000000e+00 0.000000e+00 0.000000e+00 0.000000e+00   0.0%
Pad                  0.000000e+00 0.000000e+00 0.000000e+00 0.000000e+00   0.0%
------------------------------------------------------------------------
Total                3.460212e-04 1.205976e-04 9.206045e-10 4.666197e-04 100.0%
                            74.2%        25.8%         0.0%
Writing metric power__internal__total: 0.00034602120285853744
Writing metric power__switching__total: 0.00012059758591931313
Writing metric power__leakage__total: 9.206045370468985e-10
Writing metric power__total: 0.0004666197346523404

