
===========================================================================
 report_power
============================================================================
======================= nom_tt_025C_1v80 Corner ===================================

Group                    Internal    Switching      Leakage        Total
                            Power        Power        Power        Power (Watts)
------------------------------------------------------------------------
Sequential           1.713199e-04 9.916622e-06 1.997449e-10 1.812367e-04  34.2%
Combinational        7.241681e-05 1.196176e-04 4.639646e-10 1.920349e-04  36.2%
Clock                1.104546e-04 4.654035e-05 1.640009e-10 1.569951e-04  29.6%
Macro                0.000000e+00 0.000000e+00 0.000000e+00 0.000000e+00   0.0%
Pad                  0.000000e+00 0.000000e+00 0.000000e+00 0.000000e+00   0.0%
------------------------------------------------------------------------
Total                3.541913e-04 1.760746e-04 8.277096e-10 5.302667e-04 100.0%
                            66.8%        33.2%         0.0%
Writing metric power__internal__total: 0.00035419128835201263
Writing metric power__switching__total: 0.00017607455083634704
Writing metric power__leakage__total: 8.277095675524038e-10
Writing metric power__total: 0.0005302666686475277

