
===========================================================================
 report_power
============================================================================
======================= min_ff_n40C_1v95 Corner ===================================

Group                    Internal    Switching      Leakage        Total
                            Power        Power        Power        Power (Watts)
------------------------------------------------------------------------
Sequential           1.845760e-04 1.189153e-05 2.360136e-10 1.964677e-04  36.9%
Combinational        7.220839e-05 7.974520e-05 9.293546e-10 1.519545e-04  28.5%
Clock                1.224018e-04 6.211363e-05 7.483855e-10 1.845162e-04  34.6%
Macro                0.000000e+00 0.000000e+00 0.000000e+00 0.000000e+00   0.0%
Pad                  0.000000e+00 0.000000e+00 0.000000e+00 0.000000e+00   0.0%
------------------------------------------------------------------------
Total                3.791861e-04 1.537503e-04 1.913754e-09 5.329383e-04 100.0%
                            71.2%        28.8%         0.0%

