
===========================================================================
 report_power
============================================================================
======================= nom_tt_025C_1v80 Corner ===================================

Group                    Internal    Switching      Leakage        Total
                            Power        Power        Power        Power (Watts)
------------------------------------------------------------------------
Sequential           1.656249e-04 9.058758e-06 1.964068e-10 1.746839e-04  37.9%
Combinational        6.735625e-05 6.067142e-05 5.265651e-10 1.280282e-04  27.8%
Clock                1.109155e-04 4.712243e-05 1.899212e-10 1.580381e-04  34.3%
Macro                0.000000e+00 0.000000e+00 0.000000e+00 0.000000e+00   0.0%
Pad                  0.000000e+00 0.000000e+00 0.000000e+00 0.000000e+00   0.0%
------------------------------------------------------------------------
Total                3.438967e-04 1.168526e-04 9.128922e-10 4.607502e-04 100.0%
                            74.6%        25.4%         0.0%
Writing metric power__internal__total: 0.0003438966814428568
Writing metric power__switching__total: 0.00011685262870742008
Writing metric power__leakage__total: 9.128921507617349e-10
Writing metric power__total: 0.00046075021964497864

