Clock: clk
Sources: clk 
Generated: no
Virtual: yes
Propagated: no
Period: 4.800000

===========================================================================
report_clock_properties
============================================================================
Clock                   Period          Waveform
----------------------------------------------------
clk                   4.800000    0.000000  2.400000

===========================================================================
report_clock_latency
============================================================================
Clock clk
rise -> rise
    min     max
0.000000 0.000000 source latency
0.314679         network latency _226_/CLK
        0.316399 network latency _236_/CLK
---------------
0.314679 0.316399 latency
        0.001721 skew

fall -> fall
    min     max
0.000000 0.000000 source latency
0.308760         network latency _226_/CLK
        0.310257 network latency _236_/CLK
---------------
0.308760 0.310257 latency
        0.001498 skew



===========================================================================
report_clock_min_period
============================================================================
clk period_min = 1.59 fmax = 629.14
