
===========================================================================
 report_power
============================================================================
======================= nom_tt_025C_1v80 Corner ===================================

Group                    Internal    Switching      Leakage        Total
                            Power        Power        Power        Power (Watts)
------------------------------------------------------------------------
Sequential           1.712245e-04 1.179352e-05 1.997449e-10 1.830182e-04  30.4%
Combinational        1.152922e-04 1.382184e-04 5.916392e-10 2.535111e-04  42.1%
Clock                1.109230e-04 5.409107e-05 3.130433e-10 1.650144e-04  27.4%
Macro                0.000000e+00 0.000000e+00 0.000000e+00 0.000000e+00   0.0%
Pad                  0.000000e+00 0.000000e+00 0.000000e+00 0.000000e+00   0.0%
------------------------------------------------------------------------
Total                3.974397e-04 2.041030e-04 1.104430e-09 6.015438e-04 100.0%
                            66.1%        33.9%         0.0%

