
===========================================================================
 report_power
============================================================================
======================= nom_ff_n40C_1v95 Corner ===================================

Group                    Internal    Switching      Leakage        Total
                            Power        Power        Power        Power (Watts)
------------------------------------------------------------------------
Sequential           1.988209e-04 1.430369e-05 2.393509e-10 2.131248e-04  30.6%
Combinational        1.291887e-04 1.631399e-04 1.379559e-09 2.923300e-04  41.9%
Clock                1.269546e-04 6.462977e-05 5.202347e-10 1.915849e-04  27.5%
Macro                0.000000e+00 0.000000e+00 0.000000e+00 0.000000e+00   0.0%
Pad                  0.000000e+00 0.000000e+00 0.000000e+00 0.000000e+00   0.0%
------------------------------------------------------------------------
Total                4.549642e-04 2.420734e-04 2.139140e-09 6.970398e-04 100.0%
                            65.3%        34.7%         0.0%

