
===========================================================================
 report_power
============================================================================
======================= nom_tt_025C_1v80 Corner ===================================

Group                    Internal    Switching      Leakage        Total
                            Power        Power        Power        Power (Watts)
------------------------------------------------------------------------
Sequential           1.772296e-04 7.589681e-05 1.824101e-10 2.531266e-04  70.9%
Combinational        6.577826e-05 3.796082e-05 3.927638e-10 1.037395e-04  29.1%
Clock                0.000000e+00 0.000000e+00 0.000000e+00 0.000000e+00   0.0%
Macro                0.000000e+00 0.000000e+00 0.000000e+00 0.000000e+00   0.0%
Pad                  0.000000e+00 0.000000e+00 0.000000e+00 0.000000e+00   0.0%
------------------------------------------------------------------------
Total                2.430079e-04 1.138576e-04 5.751739e-10 3.568661e-04 100.0%
                            68.1%        31.9%         0.0%

