
===========================================================================
 report_power
============================================================================
======================= nom_tt_025C_1v80 Corner ===================================

Group                    Internal    Switching      Leakage        Total
                            Power        Power        Power        Power (Watts)
------------------------------------------------------------------------
Sequential           1.712667e-04 4.148574e-06 1.799223e-10 1.754154e-04  60.1%
Combinational        7.067144e-05 4.597210e-05 4.153253e-10 1.166440e-04  39.9%
Clock                0.000000e+00 0.000000e+00 0.000000e+00 0.000000e+00   0.0%
Macro                0.000000e+00 0.000000e+00 0.000000e+00 0.000000e+00   0.0%
Pad                  0.000000e+00 0.000000e+00 0.000000e+00 0.000000e+00   0.0%
------------------------------------------------------------------------
Total                2.419381e-04 5.012067e-05 5.952476e-10 2.920593e-04 100.0%
                            82.8%        17.2%         0.0%

