Clock: clk
Sources: clk 
Generated: no
Virtual: yes
Propagated: no
Period: 5.000000

===========================================================================
report_clock_properties
============================================================================
Clock                   Period          Waveform
----------------------------------------------------
clk                   5.000000    0.000000  2.500000

===========================================================================
report_clock_latency
============================================================================
Clock clk
rise -> rise
    min     max
0.000000 0.000000 source latency
0.244126         network latency _281_/CLK
        0.244822 network latency _273_/CLK
---------------
0.244126 0.244822 latency
        0.000696 skew

fall -> fall
    min     max
0.000000 0.000000 source latency
0.275528         network latency _281_/CLK
        0.276106 network latency _268_/CLK
---------------
0.275528 0.276106 latency
        0.000577 skew



===========================================================================
report_clock_min_period
============================================================================
clk period_min = 0.81 fmax = 1230.74
