
===========================================================================
 report_power
============================================================================
======================= nom_tt_025C_1v80 Corner ===================================

Group                    Internal    Switching      Leakage        Total
                            Power        Power        Power        Power (Watts)
------------------------------------------------------------------------
Sequential           1.588574e-04 1.026744e-05 1.964068e-10 1.691250e-04  36.2%
Combinational        6.784497e-05 6.899309e-05 5.379192e-10 1.368386e-04  29.3%
Clock                1.069765e-04 5.382990e-05 5.074466e-10 1.608069e-04  34.5%
Macro                0.000000e+00 0.000000e+00 0.000000e+00 0.000000e+00   0.0%
Pad                  0.000000e+00 0.000000e+00 0.000000e+00 0.000000e+00   0.0%
------------------------------------------------------------------------
Total                3.336788e-04 1.330904e-04 1.241775e-09 4.667705e-04 100.0%
                            71.5%        28.5%         0.0%

