
===========================================================================
report_checks -unconstrained
===========================================================================
======================= nom_ss_100C_1v60 Corner ===================================

Startpoint: rst_n (input port clocked by clk)
Endpoint: _266_ (recovery check against rising-edge clock clk)
Path Group: asynchronous
Path Type: max

Fanout         Cap        Slew       Delay        Time   Description
---------------------------------------------------------------------------------------------
                      0.000000    0.000000    0.000000   clock clk (rise edge)
                                  0.000000    0.000000   clock network delay (ideal)
                                  1.920000    1.920000 ^ input external delay
    17    0.055471    0.000000    0.000000    1.920000 ^ rst_n (in)
                                                         rst_n (net)
                      0.000000    0.000000    1.920000 ^ _266_/RESET_B (sky130_fd_sc_hd__dfrtp_2)
                                              1.920000   data arrival time

                      0.000000    4.800000    4.800000   clock clk (rise edge)
                                  0.000000    4.800000   clock network delay (ideal)
                                  0.000000    4.800000   clock reconvergence pessimism
                                              4.800000 ^ _266_/CLK (sky130_fd_sc_hd__dfrtp_2)
                                  0.451244    5.251245   library recovery time
                                              5.251245   data required time
---------------------------------------------------------------------------------------------
                                              5.251245   data required time
                                             -1.920000   data arrival time
---------------------------------------------------------------------------------------------
                                              3.331244   slack (MET)


Startpoint: b[7] (input port clocked by clk)
Endpoint: _278_ (rising edge-triggered flip-flop clocked by clk)
Path Group: clk
Path Type: max

Fanout         Cap        Slew       Delay        Time   Description
---------------------------------------------------------------------------------------------
                      0.000000    0.000000    0.000000   clock clk (rise edge)
                                  0.000000    0.000000   clock network delay (ideal)
                                  1.920000    1.920000 v input external delay
     4    0.009978    0.000000    0.000000    1.920000 v b[7] (in)
                                                         b[7] (net)
                      0.000000    0.000000    1.920000 v _155_/B (sky130_fd_sc_hd__and2_2)
     2    0.008456    0.098487    0.395234    2.315234 v _155_/X (sky130_fd_sc_hd__and2_2)
                                                         _123_ (net)
                      0.098487    0.000000    2.315234 v _161_/A (sky130_fd_sc_hd__nor4_2)
     1    0.004417    0.365657    0.492820    2.808053 ^ _161_/Y (sky130_fd_sc_hd__nor4_2)
                                                         _129_ (net)
                      0.365657    0.000000    2.808053 ^ _170_/A (sky130_fd_sc_hd__nand4_2)
     2    0.008664    0.245301    0.305473    3.113526 v _170_/Y (sky130_fd_sc_hd__nand4_2)
                                                         _022_ (net)
                      0.245301    0.000000    3.113526 v _175_/A (sky130_fd_sc_hd__nand2_2)
     4    0.020934    0.198987    0.263452    3.376978 ^ _175_/Y (sky130_fd_sc_hd__nand2_2)
                                                         _027_ (net)
                      0.198987    0.000000    3.376978 ^ _246_/A1 (sky130_fd_sc_hd__a31oi_2)
     3    0.014392    0.271136    0.306838    3.683816 v _246_/Y (sky130_fd_sc_hd__a31oi_2)
                                                         _087_ (net)
                      0.271136    0.000000    3.683816 v _251_/A2 (sky130_fd_sc_hd__o211a_2)
     1    0.002239    0.067815    0.521380    4.205196 v _251_/X (sky130_fd_sc_hd__o211a_2)
                                                         _091_ (net)
                      0.067815    0.000000    4.205196 v _254_/A2 (sky130_fd_sc_hd__o31a_2)
     1    0.001838    0.082963    0.599421    4.804616 v _254_/X (sky130_fd_sc_hd__o31a_2)
                                                         _012_ (net)
                      0.082963    0.000000    4.804616 v _278_/D (sky130_fd_sc_hd__dfrtp_2)
                                              4.804616   data arrival time

                      0.000000    4.800000    4.800000   clock clk (rise edge)
                                  0.000000    4.800000   clock network delay (ideal)
                                  0.000000    4.800000   clock reconvergence pessimism
                                              4.800000 ^ _278_/CLK (sky130_fd_sc_hd__dfrtp_2)
                                 -0.300686    4.499314   library setup time
                                              4.499314   data required time
---------------------------------------------------------------------------------------------
                                              4.499314   data required time
                                             -4.804616   data arrival time
---------------------------------------------------------------------------------------------
                                             -0.305302   slack (VIOLATED)




===========================================================================
report_checks --slack_max -0.01
============================================================================
======================= nom_ss_100C_1v60 Corner ===================================

Startpoint: b[7] (input port clocked by clk)
Endpoint: _278_ (rising edge-triggered flip-flop clocked by clk)
Path Group: clk
Path Type: max

Fanout         Cap        Slew       Delay        Time   Description
---------------------------------------------------------------------------------------------
                      0.000000    0.000000    0.000000   clock clk (rise edge)
                                  0.000000    0.000000   clock network delay (ideal)
                                  1.920000    1.920000 v input external delay
     4    0.009978    0.000000    0.000000    1.920000 v b[7] (in)
                                                         b[7] (net)
                      0.000000    0.000000    1.920000 v _155_/B (sky130_fd_sc_hd__and2_2)
     2    0.008456    0.098487    0.395234    2.315234 v _155_/X (sky130_fd_sc_hd__and2_2)
                                                         _123_ (net)
                      0.098487    0.000000    2.315234 v _161_/A (sky130_fd_sc_hd__nor4_2)
     1    0.004417    0.365657    0.492820    2.808053 ^ _161_/Y (sky130_fd_sc_hd__nor4_2)
                                                         _129_ (net)
                      0.365657    0.000000    2.808053 ^ _170_/A (sky130_fd_sc_hd__nand4_2)
     2    0.008664    0.245301    0.305473    3.113526 v _170_/Y (sky130_fd_sc_hd__nand4_2)
                                                         _022_ (net)
                      0.245301    0.000000    3.113526 v _175_/A (sky130_fd_sc_hd__nand2_2)
     4    0.020934    0.198987    0.263452    3.376978 ^ _175_/Y (sky130_fd_sc_hd__nand2_2)
                                                         _027_ (net)
                      0.198987    0.000000    3.376978 ^ _246_/A1 (sky130_fd_sc_hd__a31oi_2)
     3    0.014392    0.271136    0.306838    3.683816 v _246_/Y (sky130_fd_sc_hd__a31oi_2)
                                                         _087_ (net)
                      0.271136    0.000000    3.683816 v _251_/A2 (sky130_fd_sc_hd__o211a_2)
     1    0.002239    0.067815    0.521380    4.205196 v _251_/X (sky130_fd_sc_hd__o211a_2)
                                                         _091_ (net)
                      0.067815    0.000000    4.205196 v _254_/A2 (sky130_fd_sc_hd__o31a_2)
     1    0.001838    0.082963    0.599421    4.804616 v _254_/X (sky130_fd_sc_hd__o31a_2)
                                                         _012_ (net)
                      0.082963    0.000000    4.804616 v _278_/D (sky130_fd_sc_hd__dfrtp_2)
                                              4.804616   data arrival time

                      0.000000    4.800000    4.800000   clock clk (rise edge)
                                  0.000000    4.800000   clock network delay (ideal)
                                  0.000000    4.800000   clock reconvergence pessimism
                                              4.800000 ^ _278_/CLK (sky130_fd_sc_hd__dfrtp_2)
                                 -0.300686    4.499314   library setup time
                                              4.499314   data required time
---------------------------------------------------------------------------------------------
                                              4.499314   data required time
                                             -4.804616   data arrival time
---------------------------------------------------------------------------------------------
                                             -0.305302   slack (VIOLATED)




===========================================================================
 report_check_types -max_slew -max_cap -max_fanout -violators
============================================================================
======================= nom_ss_100C_1v60 Corner ===================================



===========================================================================
report_parasitic_annotation -report_unannotated
============================================================================
Found 185 unannotated drivers.
 a[0]
 a[10]
 a[11]
 a[12]
 a[13]
 a[14]
 a[15]
 a[1]
 a[2]
 a[3]
 a[4]
 a[5]
 a[6]
 a[7]
 a[8]
 a[9]
 b[0]
 b[10]
 b[11]
 b[12]
 b[13]
 b[14]
 b[15]
 b[1]
 b[2]
 b[3]
 b[4]
 b[5]
 b[6]
 b[7]
 b[8]
 b[9]
 clk
 en
 rst_n
 _133_/Y
 _134_/Y
 _135_/Y
 _136_/Y
 _137_/Y
 _138_/Y
 _139_/Y
 _140_/Y
 _141_/Y
 _142_/Y
 _143_/X
 _144_/Y
 _145_/Y
 _146_/X
 _147_/Y
 _148_/X
 _149_/Y
 _150_/X
 _151_/Y
 _152_/Y
 _153_/Y
 _154_/Y
 _155_/X
 _156_/Y
 _157_/Y
 _158_/X
 _159_/Y
 _160_/Y
 _161_/Y
 _162_/Y
 _163_/Y
 _164_/Y
 _165_/Y
 _166_/X
 _167_/Y
 _168_/Y
 _169_/Y
 _170_/Y
 _171_/Y
 _172_/X
 _173_/X
 _174_/Y
 _175_/Y
 _176_/X
 _177_/Y
 _178_/Y
 _179_/X
 _180_/Y
 _181_/Y
 _182_/Y
 _183_/X
 _184_/Y
 _185_/X
 _186_/X
 _187_/Y
 _188_/Y
 _189_/Y
 _190_/Y
 _191_/X
 _192_/X
 _193_/X
 _194_/X
 _195_/X
 _196_/Y
 _197_/X
 _198_/X
 _199_/X
 _200_/Y
 _201_/X
 _202_/Y
 _203_/X
 _204_/Y
 _205_/Y
 _206_/Y
 _207_/Y
 _208_/Y
 _209_/Y
 _210_/Y
 _211_/X
 _212_/X
 _213_/X
 _214_/Y
 _215_/X
 _216_/X
 _217_/Y
 _218_/X
 _219_/X
 _220_/Y
 _221_/X
 _222_/X
 _223_/Y
 _224_/X
 _225_/X
 _226_/X
 _227_/X
 _228_/Y
 _229_/X
 _230_/X
 _231_/Y
 _232_/Y
 _233_/X
 _234_/Y
 _235_/X
 _236_/Y
 _237_/X
 _238_/X
 _239_/X
 _240_/X
 _241_/X
 _242_/Y
 _243_/Y
 _244_/X
 _245_/X
 _246_/Y
 _247_/X
 _248_/Y
 _249_/Y
 _250_/Y
 _251_/X
 _252_/X
 _253_/X
 _254_/X
 _255_/Y
 _256_/Y
 _257_/Y
 _258_/Y
 _259_/X
 _260_/X
 _261_/X
 _262_/X
 _263_/Y
 _264_/X
 _265_/X
 _266_/Q
 _267_/Q
 _268_/Q
 _269_/Q
 _270_/Q
 _271_/Q
 _272_/Q
 _273_/Q
 _274_/Q
 _275_/Q
 _276_/Q
 _277_/Q
 _278_/Q
 _279_/Q
 _280_/Q
 _281_/Q
 _282_/Q
Found 0 partially unannotated drivers.

===========================================================================
max slew violation count 0
max fanout violation count 0
max cap violation count 0
============================================================================

===========================================================================
check_setup -verbose -unconstrained_endpoints -multiple_clock -no_clock -no_input_delay -loops -generated_clocks
===========================================================================
