
===========================================================================
 report_power
============================================================================
======================= nom_ss_100C_1v60 Corner ===================================

Group                    Internal    Switching      Leakage        Total
                            Power        Power        Power        Power (Watts)
------------------------------------------------------------------------
Sequential           1.359697e-04 3.210718e-06 3.310845e-07 1.395115e-04  59.6%
Combinational        5.804284e-05 3.600751e-05 5.797600e-07 9.463012e-05  40.4%
Clock                0.000000e+00 0.000000e+00 0.000000e+00 0.000000e+00   0.0%
Macro                0.000000e+00 0.000000e+00 0.000000e+00 0.000000e+00   0.0%
Pad                  0.000000e+00 0.000000e+00 0.000000e+00 0.000000e+00   0.0%
------------------------------------------------------------------------
Total                1.940126e-04 3.921824e-05 9.108446e-07 2.341416e-04 100.0%
                            82.9%        16.7%         0.4%

