
===========================================================================
 report_power
============================================================================
======================= max_ss_100C_1v60 Corner ===================================

Group                    Internal    Switching      Leakage        Total
                            Power        Power        Power        Power (Watts)
------------------------------------------------------------------------
Sequential           1.227606e-04 8.209476e-06 3.196947e-07 1.312897e-04  35.2%
Combinational        5.557172e-05 5.513329e-05 7.661118e-07 1.114711e-04  29.9%
Clock                8.732368e-05 4.299525e-05 6.224415e-08 1.303812e-04  34.9%
Macro                0.000000e+00 0.000000e+00 0.000000e+00 0.000000e+00   0.0%
Pad                  0.000000e+00 0.000000e+00 0.000000e+00 0.000000e+00   0.0%
------------------------------------------------------------------------
Total                2.656559e-04 1.063380e-04 1.148051e-06 3.731420e-04 100.0%
                            71.2%        28.5%         0.3%

