
===========================================================================
 report_power
============================================================================
======================= nom_tt_025C_1v80 Corner ===================================

Group                    Internal    Switching      Leakage        Total
                            Power        Power        Power        Power (Watts)
------------------------------------------------------------------------
Sequential           1.713147e-04 9.772963e-06 1.997449e-10 1.810879e-04  31.1%
Combinational        1.150808e-04 1.288406e-04 5.916393e-10 2.439220e-04  41.9%
Clock                1.104546e-04 4.654035e-05 1.640009e-10 1.569951e-04  27.0%
Macro                0.000000e+00 0.000000e+00 0.000000e+00 0.000000e+00   0.0%
Pad                  0.000000e+00 0.000000e+00 0.000000e+00 0.000000e+00   0.0%
------------------------------------------------------------------------
Total                3.968501e-04 1.851539e-04 9.553843e-10 5.820050e-04 100.0%
                            68.2%        31.8%         0.0%
Writing metric power__internal__total: 0.00039685011142864823
Writing metric power__switching__total: 0.0001851539418566972
Writing metric power__leakage__total: 9.55384327205877e-10
Writing metric power__total: 0.0005820050137117505

